
[1m[7m[36m RUN [39m[27m[22m [36mv2.1.9 [39m[90mD:/A.I/APPS/gemini 3 tutor/dutch-language-tutor[39m

 [31mÔØ»[39m src/app/__tests__/App.integration.test.tsx [2m([22m[2m0 test[22m[2m)[22m

node.exe : [31mÔÄ»ÔÄ»ÔÄ»ÔÄ»ÔÄ»ÔÄ»[1m[7m Failed Suites 1 [27m[22mÔÄ»ÔÄ»ÔÄ»ÔÄ»ÔÄ»ÔÄ»ÔÄ»[39m
At C:\Program Files\nodejs\npx.ps1:29 char:3
+   & $NODE_EXE $NPX_CLI_JS $args
+   ~~~~~~~~~~~~~~~~~~~~~~~~~~~~~
    + CategoryInfo          : NotSpecified: ([31mÔÄ»ÔÄ»ÔÄ»Ô...»ÔÄ»ÔÄ»ÔÄ»[39m:String) [], Remot 
   eException
    + FullyQualifiedErrorId : NativeCommandError
 

[31m[1m[7m FAIL [27m[22m[39m src/app/__tests__/App.integration.test.tsx[2m [ src/app/__tes
ts__/App.integration.test.tsx ][22m
[31m[1mError[22m: Failed to resolve import "../../../App" from "src/app/__tests__/App.integrat
ion.test.tsx". Does the file exist?[39m
  Plugin: [35mvite:import-analysis[39m
  File: [36mD:/A.I/APPS/gemini 3 tutor/dutch-language-tutor/src/app/__tests__/App.integration.te
st.tsx[39m:6:38
[33m  4  |  const __vi_import_0__ = await import('react/jsx-dev-runtime')
  5  |  const __vi_import_1__ = await import('@testing-library/react')
  6  |  const __vi_import_2__ = await import('../../../App')
     |                                       ^
  7  |  
  8  |  [39m
[90m [2mÔØ»[22m TransformPluginContext._formatError ../../gemini%203%20tutor/dutch-language-tu
tor/node_modules/vitest/node_modules/vite/dist/node/chunks/dep-BK3b2jBa.js:[2m49258:41[22m[39m
[90m [2mÔØ»[22m TransformPluginContext.error ../../gemini%203%20tutor/dutch-language-tutor/nod
e_modules/vitest/node_modules/vite/dist/node/chunks/dep-BK3b2jBa.js:[2m49253:16[22m[39m
[90m [2mÔØ»[22m normalizeUrl ../../gemini%203%20tutor/dutch-language-tutor/node_modules/vitest
/node_modules/vite/dist/node/chunks/dep-BK3b2jBa.js:[2m64307:23[22m[39m
[90m [2mÔØ»[22m ../../gemini%203%20tutor/dutch-language-tutor/node_modules/vitest/node_modules
/vite/dist/node/chunks/dep-BK3b2jBa.js:[2m64439:39[22m[39m
[90m [2mÔØ»[22m TransformPluginContext.transform ../../gemini%203%20tutor/dutch-language-tutor
/node_modules/vitest/node_modules/vite/dist/node/chunks/dep-BK3b2jBa.js:[2m64366:7[22m[39m
[90m [2mÔØ»[22m PluginContainer.transform ../../gemini%203%20tutor/dutch-language-tutor/node_m
odules/vitest/node_modules/vite/dist/node/chunks/dep-BK3b2jBa.js:[2m49099:18[22m[39m
[90m [2mÔØ»[22m loadAndTransform ../../gemini%203%20tutor/dutch-language-tutor/node_modules/vi
test/node_modules/vite/dist/node/chunks/dep-BK3b2jBa.js:[2m51978:27[22m[39m

[31m[2mÔÄ»ÔÄ»ÔÄ»ÔÄ»ÔÄ»ÔÄ»ÔÄ»ÔÄ»ÔÄ»ÔÄ»ÔÄ»ÔÄ»ÔÄ»ÔÄ»ÔÄ»ÔÄ»ÔÄ»ÔÄ»ÔÄ»ÔÄ»ÔÄ»ÔÄ»ÔÄ»ÔÄ»[1/1]ÔÄ»[22m[3
9m

[2m Test Files [22m [1m[31m1 failed[39m[22m[90m (1)[39m
[2m      Tests [22m [2mno tests[22m
[2m   Start at [22m 00:40:55
[2m   Duration [22m 1.50s[2m (transform 34ms, setup 106ms, collect 0ms, tests 0ms, environment 596ms, prepare 396ms)[22m

